// Jest Snapshot v1, https://goo.gl/fbAQLP

exports[`InputDatePicker Test render: render InputDatePicker 1`] = `
ShallowWrapper {
  "length": 1,
  Symbol(enzyme.__root__): [Circular],
  Symbol(enzyme.__unrendered__): <InputDatePicker
    date={2018-02-02T00:00:00.000Z}
    id="demoKey"
    updateState={[Function]}
  />,
  Symbol(enzyme.__renderer__): Object {
    "batchedUpdates": [Function],
    "getNode": [Function],
    "render": [Function],
    "simulateEvent": [Function],
    "unmount": [Function],
  },
  Symbol(enzyme.__node__): Object {
    "instance": null,
    "key": undefined,
    "nodeType": "host",
    "props": Object {
      "children": <DatePickerBase
        configs={undefined}
        date={"2018-02-02T00:00:00.000Z"}
        focus={false}
        id="demoKey"
        onDateChange={[Function]}
        onDateFocusChange={[Function]}
      />,
      "className": "InputDatePicker ",
    },
    "ref": null,
    "rendered": Object {
      "instance": null,
      "key": undefined,
      "nodeType": "function",
      "props": Object {
        "configs": undefined,
        "date": "2018-02-02T00:00:00.000Z",
        "focus": false,
        "id": "demoKey",
        "onDateChange": [Function],
        "onDateFocusChange": [Function],
      },
      "ref": null,
      "rendered": null,
      "type": [Function],
    },
    "type": "div",
  },
  Symbol(enzyme.__nodes__): Array [
    Object {
      "instance": null,
      "key": undefined,
      "nodeType": "host",
      "props": Object {
        "children": <DatePickerBase
          configs={undefined}
          date={"2018-02-02T00:00:00.000Z"}
          focus={false}
          id="demoKey"
          onDateChange={[Function]}
          onDateFocusChange={[Function]}
        />,
        "className": "InputDatePicker ",
      },
      "ref": null,
      "rendered": Object {
        "instance": null,
        "key": undefined,
        "nodeType": "function",
        "props": Object {
          "configs": undefined,
          "date": "2018-02-02T00:00:00.000Z",
          "focus": false,
          "id": "demoKey",
          "onDateChange": [Function],
          "onDateFocusChange": [Function],
        },
        "ref": null,
        "rendered": null,
        "type": [Function],
      },
      "type": "div",
    },
  ],
  Symbol(enzyme.__options__): Object {
    "adapter": ReactSixteenAdapter {
      "options": Object {
        "enableComponentDidUpdateOnSetState": true,
      },
    },
  },
}
`;
