// Jest Snapshot v1, https://goo.gl/fbAQLP

exports[`MentorHome Test render: MentorHome render correctly 1`] = `
ShallowWrapper {
  "length": 1,
  Symbol(enzyme.__root__): [Circular],
  Symbol(enzyme.__unrendered__): <MentorHome />,
  Symbol(enzyme.__renderer__): Object {
    "batchedUpdates": [Function],
    "getNode": [Function],
    "render": [Function],
    "simulateEvent": [Function],
    "unmount": [Function],
  },
  Symbol(enzyme.__node__): Object {
    "instance": null,
    "key": undefined,
    "nodeType": "class",
    "props": Object {
      "children": Array [
        <div>
          <div>
            <Icon
              name="calendar"
            />
            <styled.h2>
              Tus sesiones
            </styled.h2>
          </div>
        </div>,
        <DayHandlerBar
          loading={false}
          onChangeDate={[Function]}
          onChangeWeek={[Function]}
          selectedDate={undefined}
        />,
      ],
    },
    "ref": null,
    "rendered": Array [
      Object {
        "instance": null,
        "key": undefined,
        "nodeType": "host",
        "props": Object {
          "children": <div>
            <Icon
              name="calendar"
            />
            <styled.h2>
              Tus sesiones
            </styled.h2>
          </div>,
        },
        "ref": null,
        "rendered": Object {
          "instance": null,
          "key": undefined,
          "nodeType": "host",
          "props": Object {
            "children": Array [
              <Icon
                name="calendar"
              />,
              <styled.h2>
                Tus sesiones
              </styled.h2>,
            ],
          },
          "ref": null,
          "rendered": Array [
            Object {
              "instance": null,
              "key": undefined,
              "nodeType": "function",
              "props": Object {
                "name": "calendar",
              },
              "ref": null,
              "rendered": null,
              "type": [Function],
            },
            Object {
              "instance": null,
              "key": undefined,
              "nodeType": "class",
              "props": Object {
                "children": "Tus sesiones",
              },
              "ref": null,
              "rendered": "Tus sesiones",
              "type": [Function],
            },
          ],
          "type": "div",
        },
        "type": "div",
      },
      Object {
        "instance": null,
        "key": undefined,
        "nodeType": "class",
        "props": Object {
          "loading": false,
          "onChangeDate": [Function],
          "onChangeWeek": [Function],
          "selectedDate": undefined,
        },
        "ref": null,
        "rendered": null,
        "type": [Function],
      },
    ],
    "type": [Function],
  },
  Symbol(enzyme.__nodes__): Array [
    Object {
      "instance": null,
      "key": undefined,
      "nodeType": "class",
      "props": Object {
        "children": Array [
          <div>
            <div>
              <Icon
                name="calendar"
              />
              <styled.h2>
                Tus sesiones
              </styled.h2>
            </div>
          </div>,
          <DayHandlerBar
            loading={false}
            onChangeDate={[Function]}
            onChangeWeek={[Function]}
            selectedDate={undefined}
          />,
        ],
      },
      "ref": null,
      "rendered": Array [
        Object {
          "instance": null,
          "key": undefined,
          "nodeType": "host",
          "props": Object {
            "children": <div>
              <Icon
                name="calendar"
              />
              <styled.h2>
                Tus sesiones
              </styled.h2>
            </div>,
          },
          "ref": null,
          "rendered": Object {
            "instance": null,
            "key": undefined,
            "nodeType": "host",
            "props": Object {
              "children": Array [
                <Icon
                  name="calendar"
                />,
                <styled.h2>
                  Tus sesiones
                </styled.h2>,
              ],
            },
            "ref": null,
            "rendered": Array [
              Object {
                "instance": null,
                "key": undefined,
                "nodeType": "function",
                "props": Object {
                  "name": "calendar",
                },
                "ref": null,
                "rendered": null,
                "type": [Function],
              },
              Object {
                "instance": null,
                "key": undefined,
                "nodeType": "class",
                "props": Object {
                  "children": "Tus sesiones",
                },
                "ref": null,
                "rendered": "Tus sesiones",
                "type": [Function],
              },
            ],
            "type": "div",
          },
          "type": "div",
        },
        Object {
          "instance": null,
          "key": undefined,
          "nodeType": "class",
          "props": Object {
            "loading": false,
            "onChangeDate": [Function],
            "onChangeWeek": [Function],
            "selectedDate": undefined,
          },
          "ref": null,
          "rendered": null,
          "type": [Function],
        },
      ],
      "type": [Function],
    },
  ],
  Symbol(enzyme.__options__): Object {
    "adapter": ReactSixteenAdapter {
      "options": Object {
        "enableComponentDidUpdateOnSetState": true,
      },
    },
  },
}
`;
