// Jest Snapshot v1, https://goo.gl/fbAQLP

exports[`MentorDatePicker Test render: render MentorDatePicker 1`] = `
ShallowWrapper {
  Symbol(enzyme.__root__): [Circular],
  Symbol(enzyme.__unrendered__): <MentorDatePicker
    date={2018-02-02T00:00:00.000Z}
    id="demoKey"
    updateState={[Function]}
  />,
  Symbol(enzyme.__renderer__): Object {
    "batchedUpdates": [Function],
    "checkPropTypes": [Function],
    "getNode": [Function],
    "render": [Function],
    "simulateError": [Function],
    "simulateEvent": [Function],
    "unmount": [Function],
  },
  Symbol(enzyme.__node__): Object {
    "instance": null,
    "key": undefined,
    "nodeType": "host",
    "props": Object {
      "children": <DatePickerBase
        configs={undefined}
        date={"2018-02-02T00:00:00.000Z"}
        focus={false}
        id="demoKey"
        onDateChange={[Function]}
        onDateFocusChange={[Function]}
      />,
    },
    "ref": null,
    "rendered": Object {
      "instance": null,
      "key": undefined,
      "nodeType": "function",
      "props": Object {
        "configs": undefined,
        "date": "2018-02-02T00:00:00.000Z",
        "focus": false,
        "id": "demoKey",
        "onDateChange": [Function],
        "onDateFocusChange": [Function],
      },
      "ref": null,
      "rendered": null,
      "type": [Function],
    },
    "type": "div",
  },
  Symbol(enzyme.__nodes__): Array [
    Object {
      "instance": null,
      "key": undefined,
      "nodeType": "host",
      "props": Object {
        "children": <DatePickerBase
          configs={undefined}
          date={"2018-02-02T00:00:00.000Z"}
          focus={false}
          id="demoKey"
          onDateChange={[Function]}
          onDateFocusChange={[Function]}
        />,
      },
      "ref": null,
      "rendered": Object {
        "instance": null,
        "key": undefined,
        "nodeType": "function",
        "props": Object {
          "configs": undefined,
          "date": "2018-02-02T00:00:00.000Z",
          "focus": false,
          "id": "demoKey",
          "onDateChange": [Function],
          "onDateFocusChange": [Function],
        },
        "ref": null,
        "rendered": null,
        "type": [Function],
      },
      "type": "div",
    },
  ],
  Symbol(enzyme.__options__): Object {
    "adapter": ReactSixteenAdapter {
      "options": Object {
        "enableComponentDidUpdateOnSetState": true,
        "legacyContextMode": "parent",
        "lifecycles": Object {
          "componentDidUpdate": Object {
            "onSetState": true,
          },
          "getChildContext": Object {
            "calledByRenderer": false,
          },
          "getDerivedStateFromProps": true,
          "getSnapshotBeforeUpdate": true,
          "setState": Object {
            "skipsComponentDidUpdateOnNullish": true,
          },
        },
      },
    },
  },
}
`;
