// Jest Snapshot v1, https://goo.gl/fbAQLP

exports[`ConsolePager Test render: render ConsolePager 1`] = `
ShallowWrapper {
  "length": 1,
  Symbol(enzyme.__root__): [Circular],
  Symbol(enzyme.__unrendered__): <ConsolePager
    activePage={1}
    onChange={[Function]}
    pageSize={2}
    totalItemsCount={22}
  >
    Caja de Mensajes
  </ConsolePager>,
  Symbol(enzyme.__renderer__): Object {
    "batchedUpdates": [Function],
    "getNode": [Function],
    "render": [Function],
    "simulateEvent": [Function],
    "unmount": [Function],
  },
  Symbol(enzyme.__node__): Object {
    "instance": null,
    "key": undefined,
    "nodeType": "host",
    "props": Object {
      "children": <a
        activeLinkClass={undefined}
        activePage={1}
        firstPageText="«"
        getPageUrl={[Function]}
        hideFirstLastPages={false}
        innerClass="pagination"
        itemClass={undefined}
        itemsCountPerPage={2}
        lastPageText="»"
        linkClass={undefined}
        nextPageText="⟩"
        onChange={[Function]}
        pageRangeDisplayed={8}
        prevPageText="⟨"
        totalItemsCount={22}
      />,
      "className": "ConsolePager",
      "style": Object {},
    },
    "ref": null,
    "rendered": Object {
      "instance": null,
      "key": undefined,
      "nodeType": "class",
      "props": Object {
        "activeLinkClass": undefined,
        "activePage": 1,
        "firstPageText": "«",
        "getPageUrl": [Function],
        "hideFirstLastPages": false,
        "innerClass": "pagination",
        "itemClass": undefined,
        "itemsCountPerPage": 2,
        "lastPageText": "»",
        "linkClass": undefined,
        "nextPageText": "⟩",
        "onChange": [Function],
        "pageRangeDisplayed": 8,
        "prevPageText": "⟨",
        "totalItemsCount": 22,
      },
      "ref": null,
      "rendered": null,
      "type": [Function],
    },
    "type": "div",
  },
  Symbol(enzyme.__nodes__): Array [
    Object {
      "instance": null,
      "key": undefined,
      "nodeType": "host",
      "props": Object {
        "children": <a
          activeLinkClass={undefined}
          activePage={1}
          firstPageText="«"
          getPageUrl={[Function]}
          hideFirstLastPages={false}
          innerClass="pagination"
          itemClass={undefined}
          itemsCountPerPage={2}
          lastPageText="»"
          linkClass={undefined}
          nextPageText="⟩"
          onChange={[Function]}
          pageRangeDisplayed={8}
          prevPageText="⟨"
          totalItemsCount={22}
        />,
        "className": "ConsolePager",
        "style": Object {},
      },
      "ref": null,
      "rendered": Object {
        "instance": null,
        "key": undefined,
        "nodeType": "class",
        "props": Object {
          "activeLinkClass": undefined,
          "activePage": 1,
          "firstPageText": "«",
          "getPageUrl": [Function],
          "hideFirstLastPages": false,
          "innerClass": "pagination",
          "itemClass": undefined,
          "itemsCountPerPage": 2,
          "lastPageText": "»",
          "linkClass": undefined,
          "nextPageText": "⟩",
          "onChange": [Function],
          "pageRangeDisplayed": 8,
          "prevPageText": "⟨",
          "totalItemsCount": 22,
        },
        "ref": null,
        "rendered": null,
        "type": [Function],
      },
      "type": "div",
    },
  ],
  Symbol(enzyme.__options__): Object {
    "adapter": ReactSixteenAdapter {
      "options": Object {
        "enableComponentDidUpdateOnSetState": true,
      },
    },
  },
}
`;
