// Jest Snapshot v1, https://goo.gl/fbAQLP

exports[`TimeRangePicker Test render: render TimeRangePicker default 1`] = `
ShallowWrapper {
  "length": 1,
  Symbol(enzyme.__root__): [Circular],
  Symbol(enzyme.__unrendered__): <TimeRangePicker
    date={2012-04-13T01:31:38.000Z}
    onChange={undefined}
  />,
  Symbol(enzyme.__renderer__): Object {
    "batchedUpdates": [Function],
    "getNode": [Function],
    "render": [Function],
    "simulateEvent": [Function],
    "unmount": [Function],
  },
  Symbol(enzyme.__node__): Object {
    "instance": null,
    "key": undefined,
    "nodeType": "host",
    "props": Object {
      "children": <FormRow
        columns={
          Array [
            <FormColumn
              width={4}
            >
              <InputDatePicker
                date={2012-04-13T01:31:38.000Z}
                id="startDate"
                updateState={undefined}
              />
            </FormColumn>,
            <FormColumn
              width={5}
            >
              <TimePicker
                defaultText="11:00 am"
                from={"2012-04-12T05:00:00.000Z"}
                name="Inicia"
                onChange={undefined}
                step={15}
                to={"2012-04-13T04:59:00.000Z"}
              />
            </FormColumn>,
            <FormColumn
              width={5}
            >
              <TimePicker
                defaultText="11:00 am"
                from={"2012-04-12T05:00:00.000Z"}
                name="Termina"
                onChange={undefined}
                step={15}
                to={"2012-04-13T04:59:00.000Z"}
              />
            </FormColumn>,
            <FormColumn
              width={3}
            >
               
            </FormColumn>,
          ]
        }
      />,
      "style": Object {
        "marginTop": 30,
      },
    },
    "ref": null,
    "rendered": Object {
      "instance": null,
      "key": undefined,
      "nodeType": "function",
      "props": Object {
        "columns": Array [
          <FormColumn
            width={4}
          >
            <InputDatePicker
              date={2012-04-13T01:31:38.000Z}
              id="startDate"
              updateState={undefined}
            />
          </FormColumn>,
          <FormColumn
            width={5}
          >
            <TimePicker
              defaultText="11:00 am"
              from={"2012-04-12T05:00:00.000Z"}
              name="Inicia"
              onChange={undefined}
              step={15}
              to={"2012-04-13T04:59:00.000Z"}
            />
          </FormColumn>,
          <FormColumn
            width={5}
          >
            <TimePicker
              defaultText="11:00 am"
              from={"2012-04-12T05:00:00.000Z"}
              name="Termina"
              onChange={undefined}
              step={15}
              to={"2012-04-13T04:59:00.000Z"}
            />
          </FormColumn>,
          <FormColumn
            width={3}
          >
             
          </FormColumn>,
        ],
      },
      "ref": null,
      "rendered": null,
      "type": [Function],
    },
    "type": "div",
  },
  Symbol(enzyme.__nodes__): Array [
    Object {
      "instance": null,
      "key": undefined,
      "nodeType": "host",
      "props": Object {
        "children": <FormRow
          columns={
            Array [
              <FormColumn
                width={4}
              >
                <InputDatePicker
                  date={2012-04-13T01:31:38.000Z}
                  id="startDate"
                  updateState={undefined}
                />
              </FormColumn>,
              <FormColumn
                width={5}
              >
                <TimePicker
                  defaultText="11:00 am"
                  from={"2012-04-12T05:00:00.000Z"}
                  name="Inicia"
                  onChange={undefined}
                  step={15}
                  to={"2012-04-13T04:59:00.000Z"}
                />
              </FormColumn>,
              <FormColumn
                width={5}
              >
                <TimePicker
                  defaultText="11:00 am"
                  from={"2012-04-12T05:00:00.000Z"}
                  name="Termina"
                  onChange={undefined}
                  step={15}
                  to={"2012-04-13T04:59:00.000Z"}
                />
              </FormColumn>,
              <FormColumn
                width={3}
              >
                 
              </FormColumn>,
            ]
          }
        />,
        "style": Object {
          "marginTop": 30,
        },
      },
      "ref": null,
      "rendered": Object {
        "instance": null,
        "key": undefined,
        "nodeType": "function",
        "props": Object {
          "columns": Array [
            <FormColumn
              width={4}
            >
              <InputDatePicker
                date={2012-04-13T01:31:38.000Z}
                id="startDate"
                updateState={undefined}
              />
            </FormColumn>,
            <FormColumn
              width={5}
            >
              <TimePicker
                defaultText="11:00 am"
                from={"2012-04-12T05:00:00.000Z"}
                name="Inicia"
                onChange={undefined}
                step={15}
                to={"2012-04-13T04:59:00.000Z"}
              />
            </FormColumn>,
            <FormColumn
              width={5}
            >
              <TimePicker
                defaultText="11:00 am"
                from={"2012-04-12T05:00:00.000Z"}
                name="Termina"
                onChange={undefined}
                step={15}
                to={"2012-04-13T04:59:00.000Z"}
              />
            </FormColumn>,
            <FormColumn
              width={3}
            >
               
            </FormColumn>,
          ],
        },
        "ref": null,
        "rendered": null,
        "type": [Function],
      },
      "type": "div",
    },
  ],
  Symbol(enzyme.__options__): Object {
    "adapter": ReactSixteenAdapter {
      "options": Object {
        "enableComponentDidUpdateOnSetState": true,
      },
    },
  },
}
`;
