// Jest Snapshot v1, https://goo.gl/fbAQLP

exports[`InputRadioReports Test render: render InputRadioReports 1`] = `
ReactWrapper {
  Symbol(enzyme.__unrendered__): <InputRadioReports
    inputs={Array []}
    name="demo"
    type=""
    updateState={undefined}
  />,
  Symbol(enzyme.__renderer__): Object {
    "batchedUpdates": [Function],
    "getNode": [Function],
    "render": [Function],
    "simulateError": [Function],
    "simulateEvent": [Function],
    "unmount": [Function],
  },
  Symbol(enzyme.__root__): [Circular],
  Symbol(enzyme.__node__): Object {
    "instance": null,
    "key": undefined,
    "nodeType": "function",
    "props": Object {
      "inputs": Array [],
      "name": "demo",
      "type": "",
      "updateState": undefined,
    },
    "ref": null,
    "rendered": Object {
      "instance": null,
      "key": undefined,
      "nodeType": "function",
      "props": Object {
        "columns": Array [],
        "style": Object {
          "marginTop": 20,
        },
      },
      "ref": null,
      "rendered": Object {
        "instance": <div
          class="FormRow"
          style="margin-top: 20px;"
        />,
        "key": undefined,
        "nodeType": "host",
        "props": Object {
          "children": Array [],
          "className": "FormRow",
          "style": Object {
            "marginTop": 20,
          },
        },
        "ref": null,
        "rendered": Array [
          Array [],
        ],
        "type": "div",
      },
      "type": [Function],
    },
    "type": [Function],
  },
  Symbol(enzyme.__nodes__): Array [
    Object {
      "instance": null,
      "key": undefined,
      "nodeType": "function",
      "props": Object {
        "inputs": Array [],
        "name": "demo",
        "type": "",
        "updateState": undefined,
      },
      "ref": null,
      "rendered": Object {
        "instance": null,
        "key": undefined,
        "nodeType": "function",
        "props": Object {
          "columns": Array [],
          "style": Object {
            "marginTop": 20,
          },
        },
        "ref": null,
        "rendered": Object {
          "instance": <div
            class="FormRow"
            style="margin-top: 20px;"
          />,
          "key": undefined,
          "nodeType": "host",
          "props": Object {
            "children": Array [],
            "className": "FormRow",
            "style": Object {
              "marginTop": 20,
            },
          },
          "ref": null,
          "rendered": Array [
            Array [],
          ],
          "type": "div",
        },
        "type": [Function],
      },
      "type": [Function],
    },
  ],
  Symbol(enzyme.__options__): Object {
    "adapter": ReactSixteenAdapter {
      "options": Object {
        "enableComponentDidUpdateOnSetState": true,
        "legacyContextMode": "parent",
        "lifecycles": Object {
          "componentDidUpdate": Object {
            "onSetState": true,
          },
          "getChildContext": Object {
            "calledByRenderer": false,
          },
          "getDerivedStateFromProps": true,
          "getSnapshotBeforeUpdate": true,
          "setState": Object {
            "skipsComponentDidUpdateOnNullish": true,
          },
        },
      },
    },
  },
}
`;
