// Jest Snapshot v1, https://goo.gl/fbAQLP

exports[`ModalConfirmDelete Test render: render ModalConfirmDelete 1`] = `
ShallowWrapper {
  "length": 1,
  Symbol(enzyme.__root__): [Circular],
  Symbol(enzyme.__unrendered__): <ModalConfirmDelete
    disabled={false}
    loading={false}
    onCancel={[Function]}
    onConfirm={[Function]}
    show={true}
  >
    Contenido de la Modal
  </ModalConfirmDelete>,
  Symbol(enzyme.__renderer__): Object {
    "batchedUpdates": [Function],
    "getNode": [Function],
    "render": [Function],
    "simulateEvent": [Function],
    "unmount": [Function],
  },
  Symbol(enzyme.__node__): Object {
    "instance": null,
    "key": undefined,
    "nodeType": "function",
    "props": Object {
      "children": Array [
        <div
          className="ModalConfirmDelete"
        >
          <styled.h2
            color="textBold"
          >
            Si cancelas, se perderá la información actual.
          </styled.h2>
          <styled.h2
            color="textBold"
            style={
              Object {
                "fontWeight": "normal",
              }
            }
          >
            ¿Estás seguro?
          </styled.h2>
        </div>,
        <ConfirmButtons
          cancelText="No, volver"
          confirmText="Si, eliminar"
          disabled={false}
          loading={false}
          onCancel={[Function]}
          onConfirm={[Function]}
          styles={
            Object {
              "margin": "60px auto 20px auto",
              "width": "74%",
            }
          }
        />,
      ],
      "show": true,
      "title": "¿Está seguro que desea eliminar estos talleres?",
    },
    "ref": null,
    "rendered": Array [
      Object {
        "instance": null,
        "key": undefined,
        "nodeType": "host",
        "props": Object {
          "children": Array [
            <styled.h2
              color="textBold"
            >
              Si cancelas, se perderá la información actual.
            </styled.h2>,
            <styled.h2
              color="textBold"
              style={
                Object {
                  "fontWeight": "normal",
                }
              }
            >
              ¿Estás seguro?
            </styled.h2>,
          ],
          "className": "ModalConfirmDelete",
        },
        "ref": null,
        "rendered": Array [
          Object {
            "instance": null,
            "key": undefined,
            "nodeType": "class",
            "props": Object {
              "children": "Si cancelas, se perderá la información actual.",
              "color": "textBold",
            },
            "ref": null,
            "rendered": "Si cancelas, se perderá la información actual.",
            "type": [Function],
          },
          Object {
            "instance": null,
            "key": undefined,
            "nodeType": "class",
            "props": Object {
              "children": "¿Estás seguro?",
              "color": "textBold",
              "style": Object {
                "fontWeight": "normal",
              },
            },
            "ref": null,
            "rendered": "¿Estás seguro?",
            "type": [Function],
          },
        ],
        "type": "div",
      },
      Object {
        "instance": null,
        "key": undefined,
        "nodeType": "function",
        "props": Object {
          "cancelText": "No, volver",
          "confirmText": "Si, eliminar",
          "disabled": false,
          "loading": false,
          "onCancel": [Function],
          "onConfirm": [Function],
          "styles": Object {
            "margin": "60px auto 20px auto",
            "width": "74%",
          },
        },
        "ref": null,
        "rendered": null,
        "type": [Function],
      },
    ],
    "type": [Function],
  },
  Symbol(enzyme.__nodes__): Array [
    Object {
      "instance": null,
      "key": undefined,
      "nodeType": "function",
      "props": Object {
        "children": Array [
          <div
            className="ModalConfirmDelete"
          >
            <styled.h2
              color="textBold"
            >
              Si cancelas, se perderá la información actual.
            </styled.h2>
            <styled.h2
              color="textBold"
              style={
                Object {
                  "fontWeight": "normal",
                }
              }
            >
              ¿Estás seguro?
            </styled.h2>
          </div>,
          <ConfirmButtons
            cancelText="No, volver"
            confirmText="Si, eliminar"
            disabled={false}
            loading={false}
            onCancel={[Function]}
            onConfirm={[Function]}
            styles={
              Object {
                "margin": "60px auto 20px auto",
                "width": "74%",
              }
            }
          />,
        ],
        "show": true,
        "title": "¿Está seguro que desea eliminar estos talleres?",
      },
      "ref": null,
      "rendered": Array [
        Object {
          "instance": null,
          "key": undefined,
          "nodeType": "host",
          "props": Object {
            "children": Array [
              <styled.h2
                color="textBold"
              >
                Si cancelas, se perderá la información actual.
              </styled.h2>,
              <styled.h2
                color="textBold"
                style={
                  Object {
                    "fontWeight": "normal",
                  }
                }
              >
                ¿Estás seguro?
              </styled.h2>,
            ],
            "className": "ModalConfirmDelete",
          },
          "ref": null,
          "rendered": Array [
            Object {
              "instance": null,
              "key": undefined,
              "nodeType": "class",
              "props": Object {
                "children": "Si cancelas, se perderá la información actual.",
                "color": "textBold",
              },
              "ref": null,
              "rendered": "Si cancelas, se perderá la información actual.",
              "type": [Function],
            },
            Object {
              "instance": null,
              "key": undefined,
              "nodeType": "class",
              "props": Object {
                "children": "¿Estás seguro?",
                "color": "textBold",
                "style": Object {
                  "fontWeight": "normal",
                },
              },
              "ref": null,
              "rendered": "¿Estás seguro?",
              "type": [Function],
            },
          ],
          "type": "div",
        },
        Object {
          "instance": null,
          "key": undefined,
          "nodeType": "function",
          "props": Object {
            "cancelText": "No, volver",
            "confirmText": "Si, eliminar",
            "disabled": false,
            "loading": false,
            "onCancel": [Function],
            "onConfirm": [Function],
            "styles": Object {
              "margin": "60px auto 20px auto",
              "width": "74%",
            },
          },
          "ref": null,
          "rendered": null,
          "type": [Function],
        },
      ],
      "type": [Function],
    },
  ],
  Symbol(enzyme.__options__): Object {
    "adapter": ReactSixteenAdapter {
      "options": Object {
        "enableComponentDidUpdateOnSetState": true,
      },
    },
  },
}
`;
