// Jest Snapshot v1, https://goo.gl/fbAQLP

exports[`ReportsLoader Test render: render ReportsLoader 1`] = `
ShallowWrapper {
  "length": 1,
  Symbol(enzyme.__root__): [Circular],
  Symbol(enzyme.__unrendered__): <ReportsLoader
    center={false}
    loading={true}
  >
    Caja de Mensajes
  </ReportsLoader>,
  Symbol(enzyme.__renderer__): Object {
    "batchedUpdates": [Function],
    "getNode": [Function],
    "render": [Function],
    "simulateEvent": [Function],
    "unmount": [Function],
  },
  Symbol(enzyme.__node__): Object {
    "instance": null,
    "key": undefined,
    "nodeType": "host",
    "props": Object {
      "children": Array [
        <Loader
          height={100}
          style={
            Object {
              "top": -37,
            }
          }
          top={50}
        />,
        <styled.h2
          style={
            Object {
              "fontWeight": "bold",
              "marginLeft": 30,
            }
          }
        >
          Caja de Mensajes
        </styled.h2>,
      ],
      "className": "ReportsLoader false",
    },
    "ref": null,
    "rendered": Array [
      Object {
        "instance": null,
        "key": undefined,
        "nodeType": "function",
        "props": Object {
          "height": 100,
          "style": Object {
            "top": -37,
          },
          "top": 50,
        },
        "ref": null,
        "rendered": null,
        "type": [Function],
      },
      Object {
        "instance": null,
        "key": undefined,
        "nodeType": "class",
        "props": Object {
          "children": "Caja de Mensajes",
          "style": Object {
            "fontWeight": "bold",
            "marginLeft": 30,
          },
        },
        "ref": null,
        "rendered": "Caja de Mensajes",
        "type": [Function],
      },
    ],
    "type": "div",
  },
  Symbol(enzyme.__nodes__): Array [
    Object {
      "instance": null,
      "key": undefined,
      "nodeType": "host",
      "props": Object {
        "children": Array [
          <Loader
            height={100}
            style={
              Object {
                "top": -37,
              }
            }
            top={50}
          />,
          <styled.h2
            style={
              Object {
                "fontWeight": "bold",
                "marginLeft": 30,
              }
            }
          >
            Caja de Mensajes
          </styled.h2>,
        ],
        "className": "ReportsLoader false",
      },
      "ref": null,
      "rendered": Array [
        Object {
          "instance": null,
          "key": undefined,
          "nodeType": "function",
          "props": Object {
            "height": 100,
            "style": Object {
              "top": -37,
            },
            "top": 50,
          },
          "ref": null,
          "rendered": null,
          "type": [Function],
        },
        Object {
          "instance": null,
          "key": undefined,
          "nodeType": "class",
          "props": Object {
            "children": "Caja de Mensajes",
            "style": Object {
              "fontWeight": "bold",
              "marginLeft": 30,
            },
          },
          "ref": null,
          "rendered": "Caja de Mensajes",
          "type": [Function],
        },
      ],
      "type": "div",
    },
  ],
  Symbol(enzyme.__options__): Object {
    "adapter": ReactSixteenAdapter {
      "options": Object {
        "enableComponentDidUpdateOnSetState": true,
      },
    },
  },
}
`;
